   1               		.file	"main.c"
   2               	__SP_H__ = 0x3e
   3               	__SP_L__ = 0x3d
   4               	__SREG__ = 0x3f
   5               	__tmp_reg__ = 0
   6               	__zero_reg__ = 1
   7               		.text
   8               	.Ltext0:
   9               		.cfi_sections	.debug_frame
  10               		.section	.text.startup,"ax",@progbits
  11               	.global	main
  13               	main:
  14               	.LFB6:
  15               		.file 1 "main.c"
   1:main.c        **** #define F_CPU 16000000
   2:main.c        **** #define _AVR_ATmega32_
   3:main.c        **** 
   4:main.c        **** 
   5:main.c        **** #include <avr/io.h>
   6:main.c        **** #include <util/delay.h>
   7:main.c        **** 
   8:main.c        **** #define delay 75
   9:main.c        **** 
  10:main.c        **** int main(void) {
  16               		.loc 1 10 16 view -0
  17               		.cfi_startproc
  18               	/* prologue: function */
  19               	/* frame size = 0 */
  20               	/* stack size = 0 */
  21               	.L__stack_usage = 0
  11:main.c        **** 
  12:main.c        **** DDRC=0b11111111; // PORTC als Ausgang einstellen
  22               		.loc 1 12 1 view .LVU1
  23               		.loc 1 12 5 is_stmt 0 view .LVU2
  24 0000 8FEF      		ldi r24,lo8(-1)
  25 0002 84BB      		out 0x14,r24
  13:main.c        **** 
  14:main.c        **** uint8_t i;
  15:main.c        **** while (1) {
  16:main.c        ****  
  17:main.c        ****   for ( i = 0; i <=7; i++)
  18:main.c        ****   {
  19:main.c        ****     
  20:main.c        ****     PORTC = ~(1<<i); //
  26               		.loc 1 20 16 view .LVU3
  27 0004 A1E0      		ldi r26,lo8(1)
  28 0006 B0E0      		ldi r27,0
  21:main.c        ****     _delay_ms(delay);
  22:main.c        ****   }
  23:main.c        ****   for ( i = 6; i >0; i--)
  24:main.c        ****   {
  25:main.c        ****    
  26:main.c        ****     PORTC = ~(1<<i); //
  29               		.loc 1 26 11 view .LVU4
  30 0008 FFEB      		ldi r31,lo8(-65)
  31 000a EFED      		ldi r30,lo8(-33)
  32 000c 7FEE      		ldi r23,lo8(-17)
  33 000e 67EF      		ldi r22,lo8(-9)
  34 0010 5BEF      		ldi r21,lo8(-5)
  35 0012 4DEF      		ldi r20,lo8(-3)
  36               	.L3:
  14:main.c        **** while (1) {
  37               		.loc 1 14 1 is_stmt 1 view .LVU5
  15:main.c        ****  
  38               		.loc 1 15 1 view .LVU6
  17:main.c        ****   {
  39               		.loc 1 17 3 view .LVU7
  40               	.LVL0:
  17:main.c        ****   {
  41               		.loc 1 17 16 view .LVU8
  10:main.c        **** 
  42               		.loc 1 10 16 is_stmt 0 view .LVU9
  43 0014 90E0      		ldi r25,0
  44 0016 80E0      		ldi r24,0
  45               	.LVL1:
  46               	.L2:
  20:main.c        ****     _delay_ms(delay);
  47               		.loc 1 20 5 is_stmt 1 discriminator 3 view .LVU10
  20:main.c        ****     _delay_ms(delay);
  48               		.loc 1 20 16 is_stmt 0 discriminator 3 view .LVU11
  49 0018 9D01      		movw r18,r26
  50 001a 082E      		mov r0,r24
  51 001c 00C0      		rjmp 2f
  52               		1:
  53 001e 220F      		lsl r18
  54               		2:
  55 0020 0A94      		dec r0
  56 0022 02F4      		brpl 1b
  20:main.c        ****     _delay_ms(delay);
  57               		.loc 1 20 11 discriminator 3 view .LVU12
  58 0024 2095      		com r18
  59 0026 25BB      		out 0x15,r18
  21:main.c        ****   }
  60               		.loc 1 21 5 is_stmt 1 discriminator 3 view .LVU13
  61               	.LVL2:
  62               	.LBB6:
  63               	.LBI6:
  64               		.file 2 "/opt/homebrew/Cellar/avr-gcc@9/9.3.0_3/avr/include/util/delay.h"
   1:/opt/homebrew/Cellar/avr-gcc@9/9.3.0_3/avr/include/util/delay.h **** /* Copyright (c) 2002, Marek Michalkiewicz
   2:/opt/homebrew/Cellar/avr-gcc@9/9.3.0_3/avr/include/util/delay.h ****    Copyright (c) 2004,2005,2007 Joerg Wunsch
   3:/opt/homebrew/Cellar/avr-gcc@9/9.3.0_3/avr/include/util/delay.h ****    Copyright (c) 2007  Florin-Viorel Petrov
   4:/opt/homebrew/Cellar/avr-gcc@9/9.3.0_3/avr/include/util/delay.h ****    All rights reserved.
   5:/opt/homebrew/Cellar/avr-gcc@9/9.3.0_3/avr/include/util/delay.h **** 
   6:/opt/homebrew/Cellar/avr-gcc@9/9.3.0_3/avr/include/util/delay.h ****    Redistribution and use in source and binary forms, with or without
   7:/opt/homebrew/Cellar/avr-gcc@9/9.3.0_3/avr/include/util/delay.h ****    modification, are permitted provided that the following conditions are met:
   8:/opt/homebrew/Cellar/avr-gcc@9/9.3.0_3/avr/include/util/delay.h **** 
   9:/opt/homebrew/Cellar/avr-gcc@9/9.3.0_3/avr/include/util/delay.h ****    * Redistributions of source code must retain the above copyright
  10:/opt/homebrew/Cellar/avr-gcc@9/9.3.0_3/avr/include/util/delay.h ****      notice, this list of conditions and the following disclaimer.
  11:/opt/homebrew/Cellar/avr-gcc@9/9.3.0_3/avr/include/util/delay.h **** 
  12:/opt/homebrew/Cellar/avr-gcc@9/9.3.0_3/avr/include/util/delay.h ****    * Redistributions in binary form must reproduce the above copyright
  13:/opt/homebrew/Cellar/avr-gcc@9/9.3.0_3/avr/include/util/delay.h ****      notice, this list of conditions and the following disclaimer in
  14:/opt/homebrew/Cellar/avr-gcc@9/9.3.0_3/avr/include/util/delay.h ****      the documentation and/or other materials provided with the
  15:/opt/homebrew/Cellar/avr-gcc@9/9.3.0_3/avr/include/util/delay.h ****      distribution.
  16:/opt/homebrew/Cellar/avr-gcc@9/9.3.0_3/avr/include/util/delay.h **** 
  17:/opt/homebrew/Cellar/avr-gcc@9/9.3.0_3/avr/include/util/delay.h ****    * Neither the name of the copyright holders nor the names of
  18:/opt/homebrew/Cellar/avr-gcc@9/9.3.0_3/avr/include/util/delay.h ****      contributors may be used to endorse or promote products derived
  19:/opt/homebrew/Cellar/avr-gcc@9/9.3.0_3/avr/include/util/delay.h ****      from this software without specific prior written permission.
  20:/opt/homebrew/Cellar/avr-gcc@9/9.3.0_3/avr/include/util/delay.h **** 
  21:/opt/homebrew/Cellar/avr-gcc@9/9.3.0_3/avr/include/util/delay.h ****   THIS SOFTWARE IS PROVIDED BY THE COPYRIGHT HOLDERS AND CONTRIBUTORS "AS IS"
  22:/opt/homebrew/Cellar/avr-gcc@9/9.3.0_3/avr/include/util/delay.h ****   AND ANY EXPRESS OR IMPLIED WARRANTIES, INCLUDING, BUT NOT LIMITED TO, THE
  23:/opt/homebrew/Cellar/avr-gcc@9/9.3.0_3/avr/include/util/delay.h ****   IMPLIED WARRANTIES OF MERCHANTABILITY AND FITNESS FOR A PARTICULAR PURPOSE
  24:/opt/homebrew/Cellar/avr-gcc@9/9.3.0_3/avr/include/util/delay.h ****   ARE DISCLAIMED. IN NO EVENT SHALL THE COPYRIGHT OWNER OR CONTRIBUTORS BE
  25:/opt/homebrew/Cellar/avr-gcc@9/9.3.0_3/avr/include/util/delay.h ****   LIABLE FOR ANY DIRECT, INDIRECT, INCIDENTAL, SPECIAL, EXEMPLARY, OR
  26:/opt/homebrew/Cellar/avr-gcc@9/9.3.0_3/avr/include/util/delay.h ****   CONSEQUENTIAL DAMAGES (INCLUDING, BUT NOT LIMITED TO, PROCUREMENT OF
  27:/opt/homebrew/Cellar/avr-gcc@9/9.3.0_3/avr/include/util/delay.h ****   SUBSTITUTE GOODS OR SERVICES; LOSS OF USE, DATA, OR PROFITS; OR BUSINESS
  28:/opt/homebrew/Cellar/avr-gcc@9/9.3.0_3/avr/include/util/delay.h ****   INTERRUPTION) HOWEVER CAUSED AND ON ANY THEORY OF LIABILITY, WHETHER IN
  29:/opt/homebrew/Cellar/avr-gcc@9/9.3.0_3/avr/include/util/delay.h ****   CONTRACT, STRICT LIABILITY, OR TORT (INCLUDING NEGLIGENCE OR OTHERWISE)
  30:/opt/homebrew/Cellar/avr-gcc@9/9.3.0_3/avr/include/util/delay.h ****   ARISING IN ANY WAY OUT OF THE USE OF THIS SOFTWARE, EVEN IF ADVISED OF THE
  31:/opt/homebrew/Cellar/avr-gcc@9/9.3.0_3/avr/include/util/delay.h ****   POSSIBILITY OF SUCH DAMAGE. */
  32:/opt/homebrew/Cellar/avr-gcc@9/9.3.0_3/avr/include/util/delay.h **** 
  33:/opt/homebrew/Cellar/avr-gcc@9/9.3.0_3/avr/include/util/delay.h **** /* $Id: delay.h.in 2506 2016-02-08 10:05:45Z joerg_wunsch $ */
  34:/opt/homebrew/Cellar/avr-gcc@9/9.3.0_3/avr/include/util/delay.h **** 
  35:/opt/homebrew/Cellar/avr-gcc@9/9.3.0_3/avr/include/util/delay.h **** #ifndef _UTIL_DELAY_H_
  36:/opt/homebrew/Cellar/avr-gcc@9/9.3.0_3/avr/include/util/delay.h **** #define _UTIL_DELAY_H_ 1
  37:/opt/homebrew/Cellar/avr-gcc@9/9.3.0_3/avr/include/util/delay.h **** 
  38:/opt/homebrew/Cellar/avr-gcc@9/9.3.0_3/avr/include/util/delay.h **** #ifndef __DOXYGEN__
  39:/opt/homebrew/Cellar/avr-gcc@9/9.3.0_3/avr/include/util/delay.h **** #  ifndef __HAS_DELAY_CYCLES
  40:/opt/homebrew/Cellar/avr-gcc@9/9.3.0_3/avr/include/util/delay.h **** #    define __HAS_DELAY_CYCLES 1
  41:/opt/homebrew/Cellar/avr-gcc@9/9.3.0_3/avr/include/util/delay.h **** #  endif
  42:/opt/homebrew/Cellar/avr-gcc@9/9.3.0_3/avr/include/util/delay.h **** #endif  /* __DOXYGEN__ */
  43:/opt/homebrew/Cellar/avr-gcc@9/9.3.0_3/avr/include/util/delay.h **** 
  44:/opt/homebrew/Cellar/avr-gcc@9/9.3.0_3/avr/include/util/delay.h **** #include <inttypes.h>
  45:/opt/homebrew/Cellar/avr-gcc@9/9.3.0_3/avr/include/util/delay.h **** #include <util/delay_basic.h>
  46:/opt/homebrew/Cellar/avr-gcc@9/9.3.0_3/avr/include/util/delay.h **** #include <math.h>
  47:/opt/homebrew/Cellar/avr-gcc@9/9.3.0_3/avr/include/util/delay.h **** 
  48:/opt/homebrew/Cellar/avr-gcc@9/9.3.0_3/avr/include/util/delay.h **** /** \file */
  49:/opt/homebrew/Cellar/avr-gcc@9/9.3.0_3/avr/include/util/delay.h **** /** \defgroup util_delay <util/delay.h>: Convenience functions for busy-wait delay loops
  50:/opt/homebrew/Cellar/avr-gcc@9/9.3.0_3/avr/include/util/delay.h ****     \code
  51:/opt/homebrew/Cellar/avr-gcc@9/9.3.0_3/avr/include/util/delay.h ****     #define F_CPU 1000000UL  // 1 MHz
  52:/opt/homebrew/Cellar/avr-gcc@9/9.3.0_3/avr/include/util/delay.h ****     //#define F_CPU 14.7456E6
  53:/opt/homebrew/Cellar/avr-gcc@9/9.3.0_3/avr/include/util/delay.h ****     #include <util/delay.h>
  54:/opt/homebrew/Cellar/avr-gcc@9/9.3.0_3/avr/include/util/delay.h ****     \endcode
  55:/opt/homebrew/Cellar/avr-gcc@9/9.3.0_3/avr/include/util/delay.h **** 
  56:/opt/homebrew/Cellar/avr-gcc@9/9.3.0_3/avr/include/util/delay.h ****     \note As an alternative method, it is possible to pass the
  57:/opt/homebrew/Cellar/avr-gcc@9/9.3.0_3/avr/include/util/delay.h ****     F_CPU macro down to the compiler from the Makefile.
  58:/opt/homebrew/Cellar/avr-gcc@9/9.3.0_3/avr/include/util/delay.h ****     Obviously, in that case, no \c \#define statement should be
  59:/opt/homebrew/Cellar/avr-gcc@9/9.3.0_3/avr/include/util/delay.h ****     used.
  60:/opt/homebrew/Cellar/avr-gcc@9/9.3.0_3/avr/include/util/delay.h **** 
  61:/opt/homebrew/Cellar/avr-gcc@9/9.3.0_3/avr/include/util/delay.h ****     The functions in this header file are wrappers around the basic
  62:/opt/homebrew/Cellar/avr-gcc@9/9.3.0_3/avr/include/util/delay.h ****     busy-wait functions from <util/delay_basic.h>.  They are meant as
  63:/opt/homebrew/Cellar/avr-gcc@9/9.3.0_3/avr/include/util/delay.h ****     convenience functions where actual time values can be specified
  64:/opt/homebrew/Cellar/avr-gcc@9/9.3.0_3/avr/include/util/delay.h ****     rather than a number of cycles to wait for.  The idea behind is
  65:/opt/homebrew/Cellar/avr-gcc@9/9.3.0_3/avr/include/util/delay.h ****     that compile-time constant expressions will be eliminated by
  66:/opt/homebrew/Cellar/avr-gcc@9/9.3.0_3/avr/include/util/delay.h ****     compiler optimization so floating-point expressions can be used
  67:/opt/homebrew/Cellar/avr-gcc@9/9.3.0_3/avr/include/util/delay.h ****     to calculate the number of delay cycles needed based on the CPU
  68:/opt/homebrew/Cellar/avr-gcc@9/9.3.0_3/avr/include/util/delay.h ****     frequency passed by the macro F_CPU.
  69:/opt/homebrew/Cellar/avr-gcc@9/9.3.0_3/avr/include/util/delay.h **** 
  70:/opt/homebrew/Cellar/avr-gcc@9/9.3.0_3/avr/include/util/delay.h ****     \note In order for these functions to work as intended, compiler
  71:/opt/homebrew/Cellar/avr-gcc@9/9.3.0_3/avr/include/util/delay.h ****     optimizations <em>must</em> be enabled, and the delay time
  72:/opt/homebrew/Cellar/avr-gcc@9/9.3.0_3/avr/include/util/delay.h ****     <em>must</em> be an expression that is a known constant at
  73:/opt/homebrew/Cellar/avr-gcc@9/9.3.0_3/avr/include/util/delay.h ****     compile-time.  If these requirements are not met, the resulting
  74:/opt/homebrew/Cellar/avr-gcc@9/9.3.0_3/avr/include/util/delay.h ****     delay will be much longer (and basically unpredictable), and
  75:/opt/homebrew/Cellar/avr-gcc@9/9.3.0_3/avr/include/util/delay.h ****     applications that otherwise do not use floating-point calculations
  76:/opt/homebrew/Cellar/avr-gcc@9/9.3.0_3/avr/include/util/delay.h ****     will experience severe code bloat by the floating-point library
  77:/opt/homebrew/Cellar/avr-gcc@9/9.3.0_3/avr/include/util/delay.h ****     routines linked into the application.
  78:/opt/homebrew/Cellar/avr-gcc@9/9.3.0_3/avr/include/util/delay.h **** 
  79:/opt/homebrew/Cellar/avr-gcc@9/9.3.0_3/avr/include/util/delay.h ****     The functions available allow the specification of microsecond, and
  80:/opt/homebrew/Cellar/avr-gcc@9/9.3.0_3/avr/include/util/delay.h ****     millisecond delays directly, using the application-supplied macro
  81:/opt/homebrew/Cellar/avr-gcc@9/9.3.0_3/avr/include/util/delay.h ****     F_CPU as the CPU clock frequency (in Hertz).
  82:/opt/homebrew/Cellar/avr-gcc@9/9.3.0_3/avr/include/util/delay.h **** 
  83:/opt/homebrew/Cellar/avr-gcc@9/9.3.0_3/avr/include/util/delay.h **** */
  84:/opt/homebrew/Cellar/avr-gcc@9/9.3.0_3/avr/include/util/delay.h **** 
  85:/opt/homebrew/Cellar/avr-gcc@9/9.3.0_3/avr/include/util/delay.h **** #if !defined(__DOXYGEN__)
  86:/opt/homebrew/Cellar/avr-gcc@9/9.3.0_3/avr/include/util/delay.h **** static __inline__ void _delay_us(double __us) __attribute__((__always_inline__));
  87:/opt/homebrew/Cellar/avr-gcc@9/9.3.0_3/avr/include/util/delay.h **** static __inline__ void _delay_ms(double __ms) __attribute__((__always_inline__));
  88:/opt/homebrew/Cellar/avr-gcc@9/9.3.0_3/avr/include/util/delay.h **** #endif
  89:/opt/homebrew/Cellar/avr-gcc@9/9.3.0_3/avr/include/util/delay.h **** 
  90:/opt/homebrew/Cellar/avr-gcc@9/9.3.0_3/avr/include/util/delay.h **** #ifndef F_CPU
  91:/opt/homebrew/Cellar/avr-gcc@9/9.3.0_3/avr/include/util/delay.h **** /* prevent compiler error by supplying a default */
  92:/opt/homebrew/Cellar/avr-gcc@9/9.3.0_3/avr/include/util/delay.h **** # warning "F_CPU not defined for <util/delay.h>"
  93:/opt/homebrew/Cellar/avr-gcc@9/9.3.0_3/avr/include/util/delay.h **** /** \ingroup util_delay
  94:/opt/homebrew/Cellar/avr-gcc@9/9.3.0_3/avr/include/util/delay.h ****     \def F_CPU
  95:/opt/homebrew/Cellar/avr-gcc@9/9.3.0_3/avr/include/util/delay.h ****     \brief CPU frequency in Hz
  96:/opt/homebrew/Cellar/avr-gcc@9/9.3.0_3/avr/include/util/delay.h **** 
  97:/opt/homebrew/Cellar/avr-gcc@9/9.3.0_3/avr/include/util/delay.h ****     The macro F_CPU specifies the CPU frequency to be considered by
  98:/opt/homebrew/Cellar/avr-gcc@9/9.3.0_3/avr/include/util/delay.h ****     the delay macros.  This macro is normally supplied by the
  99:/opt/homebrew/Cellar/avr-gcc@9/9.3.0_3/avr/include/util/delay.h ****     environment (e.g. from within a project header, or the project's
 100:/opt/homebrew/Cellar/avr-gcc@9/9.3.0_3/avr/include/util/delay.h ****     Makefile).  The value 1 MHz here is only provided as a "vanilla"
 101:/opt/homebrew/Cellar/avr-gcc@9/9.3.0_3/avr/include/util/delay.h ****     fallback if no such user-provided definition could be found.
 102:/opt/homebrew/Cellar/avr-gcc@9/9.3.0_3/avr/include/util/delay.h **** 
 103:/opt/homebrew/Cellar/avr-gcc@9/9.3.0_3/avr/include/util/delay.h ****     In terms of the delay functions, the CPU frequency can be given as
 104:/opt/homebrew/Cellar/avr-gcc@9/9.3.0_3/avr/include/util/delay.h ****     a floating-point constant (e.g. 3.6864E6 for 3.6864 MHz).
 105:/opt/homebrew/Cellar/avr-gcc@9/9.3.0_3/avr/include/util/delay.h ****     However, the macros in <util/setbaud.h> require it to be an
 106:/opt/homebrew/Cellar/avr-gcc@9/9.3.0_3/avr/include/util/delay.h ****     integer value.
 107:/opt/homebrew/Cellar/avr-gcc@9/9.3.0_3/avr/include/util/delay.h ****  */
 108:/opt/homebrew/Cellar/avr-gcc@9/9.3.0_3/avr/include/util/delay.h **** # define F_CPU 1000000UL
 109:/opt/homebrew/Cellar/avr-gcc@9/9.3.0_3/avr/include/util/delay.h **** #endif
 110:/opt/homebrew/Cellar/avr-gcc@9/9.3.0_3/avr/include/util/delay.h **** 
 111:/opt/homebrew/Cellar/avr-gcc@9/9.3.0_3/avr/include/util/delay.h **** #ifndef __OPTIMIZE__
 112:/opt/homebrew/Cellar/avr-gcc@9/9.3.0_3/avr/include/util/delay.h **** # warning "Compiler optimizations disabled; functions from <util/delay.h> won't work as designed"
 113:/opt/homebrew/Cellar/avr-gcc@9/9.3.0_3/avr/include/util/delay.h **** #endif
 114:/opt/homebrew/Cellar/avr-gcc@9/9.3.0_3/avr/include/util/delay.h **** 
 115:/opt/homebrew/Cellar/avr-gcc@9/9.3.0_3/avr/include/util/delay.h **** #if __HAS_DELAY_CYCLES && defined(__OPTIMIZE__) && \
 116:/opt/homebrew/Cellar/avr-gcc@9/9.3.0_3/avr/include/util/delay.h ****   !defined(__DELAY_BACKWARD_COMPATIBLE__) &&	   \
 117:/opt/homebrew/Cellar/avr-gcc@9/9.3.0_3/avr/include/util/delay.h ****   __STDC_HOSTED__
 118:/opt/homebrew/Cellar/avr-gcc@9/9.3.0_3/avr/include/util/delay.h **** #  include <math.h>
 119:/opt/homebrew/Cellar/avr-gcc@9/9.3.0_3/avr/include/util/delay.h **** #endif
 120:/opt/homebrew/Cellar/avr-gcc@9/9.3.0_3/avr/include/util/delay.h **** 
 121:/opt/homebrew/Cellar/avr-gcc@9/9.3.0_3/avr/include/util/delay.h **** /**
 122:/opt/homebrew/Cellar/avr-gcc@9/9.3.0_3/avr/include/util/delay.h ****    \ingroup util_delay
 123:/opt/homebrew/Cellar/avr-gcc@9/9.3.0_3/avr/include/util/delay.h **** 
 124:/opt/homebrew/Cellar/avr-gcc@9/9.3.0_3/avr/include/util/delay.h ****    Perform a delay of \c __ms milliseconds, using _delay_loop_2().
 125:/opt/homebrew/Cellar/avr-gcc@9/9.3.0_3/avr/include/util/delay.h **** 
 126:/opt/homebrew/Cellar/avr-gcc@9/9.3.0_3/avr/include/util/delay.h ****    The macro F_CPU is supposed to be defined to a
 127:/opt/homebrew/Cellar/avr-gcc@9/9.3.0_3/avr/include/util/delay.h ****    constant defining the CPU clock frequency (in Hertz).
 128:/opt/homebrew/Cellar/avr-gcc@9/9.3.0_3/avr/include/util/delay.h **** 
 129:/opt/homebrew/Cellar/avr-gcc@9/9.3.0_3/avr/include/util/delay.h ****    The maximal possible delay is 262.14 ms / F_CPU in MHz.
 130:/opt/homebrew/Cellar/avr-gcc@9/9.3.0_3/avr/include/util/delay.h **** 
 131:/opt/homebrew/Cellar/avr-gcc@9/9.3.0_3/avr/include/util/delay.h ****    When the user request delay which exceed the maximum possible one,
 132:/opt/homebrew/Cellar/avr-gcc@9/9.3.0_3/avr/include/util/delay.h ****    _delay_ms() provides a decreased resolution functionality. In this
 133:/opt/homebrew/Cellar/avr-gcc@9/9.3.0_3/avr/include/util/delay.h ****    mode _delay_ms() will work with a resolution of 1/10 ms, providing
 134:/opt/homebrew/Cellar/avr-gcc@9/9.3.0_3/avr/include/util/delay.h ****    delays up to 6.5535 seconds (independent from CPU frequency).  The
 135:/opt/homebrew/Cellar/avr-gcc@9/9.3.0_3/avr/include/util/delay.h ****    user will not be informed about decreased resolution.
 136:/opt/homebrew/Cellar/avr-gcc@9/9.3.0_3/avr/include/util/delay.h **** 
 137:/opt/homebrew/Cellar/avr-gcc@9/9.3.0_3/avr/include/util/delay.h ****    If the avr-gcc toolchain has __builtin_avr_delay_cycles()
 138:/opt/homebrew/Cellar/avr-gcc@9/9.3.0_3/avr/include/util/delay.h ****    support, maximal possible delay is 4294967.295 ms/ F_CPU in MHz. For
 139:/opt/homebrew/Cellar/avr-gcc@9/9.3.0_3/avr/include/util/delay.h ****    values greater than the maximal possible delay, overflows results in
 140:/opt/homebrew/Cellar/avr-gcc@9/9.3.0_3/avr/include/util/delay.h ****    no delay i.e., 0ms.
 141:/opt/homebrew/Cellar/avr-gcc@9/9.3.0_3/avr/include/util/delay.h **** 
 142:/opt/homebrew/Cellar/avr-gcc@9/9.3.0_3/avr/include/util/delay.h ****    Conversion of \c __ms into clock cycles may not always result in
 143:/opt/homebrew/Cellar/avr-gcc@9/9.3.0_3/avr/include/util/delay.h ****    integer.  By default, the clock cycles rounded up to next
 144:/opt/homebrew/Cellar/avr-gcc@9/9.3.0_3/avr/include/util/delay.h ****    integer. This ensures that the user gets at least \c __ms
 145:/opt/homebrew/Cellar/avr-gcc@9/9.3.0_3/avr/include/util/delay.h ****    microseconds of delay.
 146:/opt/homebrew/Cellar/avr-gcc@9/9.3.0_3/avr/include/util/delay.h **** 
 147:/opt/homebrew/Cellar/avr-gcc@9/9.3.0_3/avr/include/util/delay.h ****    Alternatively, by defining the macro \c __DELAY_ROUND_DOWN__, or
 148:/opt/homebrew/Cellar/avr-gcc@9/9.3.0_3/avr/include/util/delay.h ****    \c __DELAY_ROUND_CLOSEST__, before including this header file, the
 149:/opt/homebrew/Cellar/avr-gcc@9/9.3.0_3/avr/include/util/delay.h ****    algorithm can be made to round down, or round to closest integer,
 150:/opt/homebrew/Cellar/avr-gcc@9/9.3.0_3/avr/include/util/delay.h ****    respectively.
 151:/opt/homebrew/Cellar/avr-gcc@9/9.3.0_3/avr/include/util/delay.h **** 
 152:/opt/homebrew/Cellar/avr-gcc@9/9.3.0_3/avr/include/util/delay.h ****    \note
 153:/opt/homebrew/Cellar/avr-gcc@9/9.3.0_3/avr/include/util/delay.h **** 
 154:/opt/homebrew/Cellar/avr-gcc@9/9.3.0_3/avr/include/util/delay.h ****    The implementation of _delay_ms() based on
 155:/opt/homebrew/Cellar/avr-gcc@9/9.3.0_3/avr/include/util/delay.h ****    __builtin_avr_delay_cycles() is not backward compatible with older
 156:/opt/homebrew/Cellar/avr-gcc@9/9.3.0_3/avr/include/util/delay.h ****    implementations.  In order to get functionality backward compatible
 157:/opt/homebrew/Cellar/avr-gcc@9/9.3.0_3/avr/include/util/delay.h ****    with previous versions, the macro \c "__DELAY_BACKWARD_COMPATIBLE__"
 158:/opt/homebrew/Cellar/avr-gcc@9/9.3.0_3/avr/include/util/delay.h ****    must be defined before including this header file. Also, the
 159:/opt/homebrew/Cellar/avr-gcc@9/9.3.0_3/avr/include/util/delay.h ****    backward compatible algorithm will be chosen if the code is
 160:/opt/homebrew/Cellar/avr-gcc@9/9.3.0_3/avr/include/util/delay.h ****    compiled in a <em>freestanding environment</em> (GCC option
 161:/opt/homebrew/Cellar/avr-gcc@9/9.3.0_3/avr/include/util/delay.h ****    \c -ffreestanding), as the math functions required for rounding are
 162:/opt/homebrew/Cellar/avr-gcc@9/9.3.0_3/avr/include/util/delay.h ****    not available to the compiler then.
 163:/opt/homebrew/Cellar/avr-gcc@9/9.3.0_3/avr/include/util/delay.h **** 
 164:/opt/homebrew/Cellar/avr-gcc@9/9.3.0_3/avr/include/util/delay.h ****  */
 165:/opt/homebrew/Cellar/avr-gcc@9/9.3.0_3/avr/include/util/delay.h **** void
 166:/opt/homebrew/Cellar/avr-gcc@9/9.3.0_3/avr/include/util/delay.h **** _delay_ms(double __ms)
  65               		.loc 2 166 1 discriminator 3 view .LVU14
  66               	.LBB7:
 167:/opt/homebrew/Cellar/avr-gcc@9/9.3.0_3/avr/include/util/delay.h **** {
 168:/opt/homebrew/Cellar/avr-gcc@9/9.3.0_3/avr/include/util/delay.h **** 	double __tmp ;
  67               		.loc 2 168 2 discriminator 3 view .LVU15
 169:/opt/homebrew/Cellar/avr-gcc@9/9.3.0_3/avr/include/util/delay.h **** #if __HAS_DELAY_CYCLES && defined(__OPTIMIZE__) && \
 170:/opt/homebrew/Cellar/avr-gcc@9/9.3.0_3/avr/include/util/delay.h ****   !defined(__DELAY_BACKWARD_COMPATIBLE__) &&	   \
 171:/opt/homebrew/Cellar/avr-gcc@9/9.3.0_3/avr/include/util/delay.h ****   __STDC_HOSTED__
 172:/opt/homebrew/Cellar/avr-gcc@9/9.3.0_3/avr/include/util/delay.h **** 	uint32_t __ticks_dc;
  68               		.loc 2 172 2 discriminator 3 view .LVU16
 173:/opt/homebrew/Cellar/avr-gcc@9/9.3.0_3/avr/include/util/delay.h **** 	extern void __builtin_avr_delay_cycles(unsigned long);
  69               		.loc 2 173 2 discriminator 3 view .LVU17
 174:/opt/homebrew/Cellar/avr-gcc@9/9.3.0_3/avr/include/util/delay.h **** 	__tmp = ((F_CPU) / 1e3) * __ms;
  70               		.loc 2 174 2 discriminator 3 view .LVU18
 175:/opt/homebrew/Cellar/avr-gcc@9/9.3.0_3/avr/include/util/delay.h **** 
 176:/opt/homebrew/Cellar/avr-gcc@9/9.3.0_3/avr/include/util/delay.h **** 	#if defined(__DELAY_ROUND_DOWN__)
 177:/opt/homebrew/Cellar/avr-gcc@9/9.3.0_3/avr/include/util/delay.h **** 		__ticks_dc = (uint32_t)fabs(__tmp);
 178:/opt/homebrew/Cellar/avr-gcc@9/9.3.0_3/avr/include/util/delay.h **** 
 179:/opt/homebrew/Cellar/avr-gcc@9/9.3.0_3/avr/include/util/delay.h **** 	#elif defined(__DELAY_ROUND_CLOSEST__)
 180:/opt/homebrew/Cellar/avr-gcc@9/9.3.0_3/avr/include/util/delay.h **** 		__ticks_dc = (uint32_t)(fabs(__tmp)+0.5);
 181:/opt/homebrew/Cellar/avr-gcc@9/9.3.0_3/avr/include/util/delay.h **** 
 182:/opt/homebrew/Cellar/avr-gcc@9/9.3.0_3/avr/include/util/delay.h **** 	#else
 183:/opt/homebrew/Cellar/avr-gcc@9/9.3.0_3/avr/include/util/delay.h **** 		//round up by default
 184:/opt/homebrew/Cellar/avr-gcc@9/9.3.0_3/avr/include/util/delay.h **** 		__ticks_dc = (uint32_t)(ceil(fabs(__tmp)));
  71               		.loc 2 184 3 discriminator 3 view .LVU19
 185:/opt/homebrew/Cellar/avr-gcc@9/9.3.0_3/avr/include/util/delay.h **** 	#endif
 186:/opt/homebrew/Cellar/avr-gcc@9/9.3.0_3/avr/include/util/delay.h **** 
 187:/opt/homebrew/Cellar/avr-gcc@9/9.3.0_3/avr/include/util/delay.h **** 	__builtin_avr_delay_cycles(__ticks_dc);
  72               		.loc 2 187 2 discriminator 3 view .LVU20
  73 0028 2FE7      		ldi r18,lo8(239999)
  74 002a 39EA      		ldi r19,hi8(239999)
  75 002c C3E0      		ldi r28,hlo8(239999)
  76 002e 2150      	1:	subi r18,1
  77 0030 3040      		sbci r19,0
  78 0032 C040      		sbci r28,0
  79 0034 01F4      		brne 1b
  80 0036 00C0      		rjmp .
  81 0038 0000      		nop
  82               	.LVL3:
  83               		.loc 2 187 2 is_stmt 0 discriminator 3 view .LVU21
  84               	.LBE7:
  85               	.LBE6:
  17:main.c        ****   {
  86               		.loc 1 17 23 is_stmt 1 discriminator 3 view .LVU22
  17:main.c        ****   {
  87               		.loc 1 17 16 discriminator 3 view .LVU23
  88 003a 0196      		adiw r24,1
  89               	.LVL4:
  17:main.c        ****   {
  90               		.loc 1 17 3 is_stmt 0 discriminator 3 view .LVU24
  91 003c 8830      		cpi r24,8
  92 003e 9105      		cpc r25,__zero_reg__
  93 0040 01F4      		brne .L2
  94               	.LVL5:
  23:main.c        ****   {
  95               		.loc 1 23 16 is_stmt 1 view .LVU25
  96               		.loc 1 26 5 view .LVU26
  97               		.loc 1 26 11 is_stmt 0 view .LVU27
  98 0042 F5BB      		out 0x15,r31
  27:main.c        ****     _delay_ms(delay);
  99               		.loc 1 27 5 is_stmt 1 view .LVU28
 100               	.LVL6:
 101               	.LBB8:
 102               	.LBI8:
 166:/opt/homebrew/Cellar/avr-gcc@9/9.3.0_3/avr/include/util/delay.h **** {
 103               		.loc 2 166 1 view .LVU29
 104               	.LBB9:
 168:/opt/homebrew/Cellar/avr-gcc@9/9.3.0_3/avr/include/util/delay.h **** #if __HAS_DELAY_CYCLES && defined(__OPTIMIZE__) && \
 105               		.loc 2 168 2 view .LVU30
 172:/opt/homebrew/Cellar/avr-gcc@9/9.3.0_3/avr/include/util/delay.h **** 	extern void __builtin_avr_delay_cycles(unsigned long);
 106               		.loc 2 172 2 view .LVU31
 173:/opt/homebrew/Cellar/avr-gcc@9/9.3.0_3/avr/include/util/delay.h **** 	__tmp = ((F_CPU) / 1e3) * __ms;
 107               		.loc 2 173 2 view .LVU32
 174:/opt/homebrew/Cellar/avr-gcc@9/9.3.0_3/avr/include/util/delay.h **** 
 108               		.loc 2 174 2 view .LVU33
 184:/opt/homebrew/Cellar/avr-gcc@9/9.3.0_3/avr/include/util/delay.h **** 	#endif
 109               		.loc 2 184 3 view .LVU34
 110               		.loc 2 187 2 view .LVU35
 111 0044 2FE7      		ldi r18,lo8(239999)
 112 0046 39EA      		ldi r19,hi8(239999)
 113 0048 83E0      		ldi r24,hlo8(239999)
 114 004a 2150      	1:	subi r18,1
 115 004c 3040      		sbci r19,0
 116 004e 8040      		sbci r24,0
 117 0050 01F4      		brne 1b
 118 0052 00C0      		rjmp .
 119 0054 0000      		nop
 120               	.LVL7:
 121               		.loc 2 187 2 is_stmt 0 view .LVU36
 122               	.LBE9:
 123               	.LBE8:
  23:main.c        ****   {
 124               		.loc 1 23 22 is_stmt 1 view .LVU37
  23:main.c        ****   {
 125               		.loc 1 23 16 view .LVU38
  26:main.c        ****     _delay_ms(delay);
 126               		.loc 1 26 5 view .LVU39
  26:main.c        ****     _delay_ms(delay);
 127               		.loc 1 26 11 is_stmt 0 view .LVU40
 128 0056 E5BB      		out 0x15,r30
 129               		.loc 1 27 5 is_stmt 1 view .LVU41
 130               	.LVL8:
 131               	.LBB15:
 166:/opt/homebrew/Cellar/avr-gcc@9/9.3.0_3/avr/include/util/delay.h **** {
 132               		.loc 2 166 1 view .LVU42
 133               	.LBB10:
 168:/opt/homebrew/Cellar/avr-gcc@9/9.3.0_3/avr/include/util/delay.h **** #if __HAS_DELAY_CYCLES && defined(__OPTIMIZE__) && \
 134               		.loc 2 168 2 view .LVU43
 172:/opt/homebrew/Cellar/avr-gcc@9/9.3.0_3/avr/include/util/delay.h **** 	extern void __builtin_avr_delay_cycles(unsigned long);
 135               		.loc 2 172 2 view .LVU44
 173:/opt/homebrew/Cellar/avr-gcc@9/9.3.0_3/avr/include/util/delay.h **** 	__tmp = ((F_CPU) / 1e3) * __ms;
 136               		.loc 2 173 2 view .LVU45
 174:/opt/homebrew/Cellar/avr-gcc@9/9.3.0_3/avr/include/util/delay.h **** 
 137               		.loc 2 174 2 view .LVU46
 184:/opt/homebrew/Cellar/avr-gcc@9/9.3.0_3/avr/include/util/delay.h **** 	#endif
 138               		.loc 2 184 3 view .LVU47
 139               		.loc 2 187 2 view .LVU48
 140 0058 9FE7      		ldi r25,lo8(239999)
 141 005a C9EA      		ldi r28,hi8(239999)
 142 005c 23E0      		ldi r18,hlo8(239999)
 143 005e 9150      	1:	subi r25,1
 144 0060 C040      		sbci r28,0
 145 0062 2040      		sbci r18,0
 146 0064 01F4      		brne 1b
 147 0066 00C0      		rjmp .
 148 0068 0000      		nop
 149               	.LVL9:
 150               		.loc 2 187 2 is_stmt 0 view .LVU49
 151               	.LBE10:
 152               	.LBE15:
  23:main.c        ****   {
 153               		.loc 1 23 22 is_stmt 1 view .LVU50
  23:main.c        ****   {
 154               		.loc 1 23 16 view .LVU51
  26:main.c        ****     _delay_ms(delay);
 155               		.loc 1 26 5 view .LVU52
  26:main.c        ****     _delay_ms(delay);
 156               		.loc 1 26 11 is_stmt 0 view .LVU53
 157 006a 75BB      		out 0x15,r23
 158               		.loc 1 27 5 is_stmt 1 view .LVU54
 159               	.LVL10:
 160               	.LBB16:
 166:/opt/homebrew/Cellar/avr-gcc@9/9.3.0_3/avr/include/util/delay.h **** {
 161               		.loc 2 166 1 view .LVU55
 162               	.LBB11:
 168:/opt/homebrew/Cellar/avr-gcc@9/9.3.0_3/avr/include/util/delay.h **** #if __HAS_DELAY_CYCLES && defined(__OPTIMIZE__) && \
 163               		.loc 2 168 2 view .LVU56
 172:/opt/homebrew/Cellar/avr-gcc@9/9.3.0_3/avr/include/util/delay.h **** 	extern void __builtin_avr_delay_cycles(unsigned long);
 164               		.loc 2 172 2 view .LVU57
 173:/opt/homebrew/Cellar/avr-gcc@9/9.3.0_3/avr/include/util/delay.h **** 	__tmp = ((F_CPU) / 1e3) * __ms;
 165               		.loc 2 173 2 view .LVU58
 174:/opt/homebrew/Cellar/avr-gcc@9/9.3.0_3/avr/include/util/delay.h **** 
 166               		.loc 2 174 2 view .LVU59
 184:/opt/homebrew/Cellar/avr-gcc@9/9.3.0_3/avr/include/util/delay.h **** 	#endif
 167               		.loc 2 184 3 view .LVU60
 168               		.loc 2 187 2 view .LVU61
 169 006c 3FE7      		ldi r19,lo8(239999)
 170 006e 89EA      		ldi r24,hi8(239999)
 171 0070 93E0      		ldi r25,hlo8(239999)
 172 0072 3150      	1:	subi r19,1
 173 0074 8040      		sbci r24,0
 174 0076 9040      		sbci r25,0
 175 0078 01F4      		brne 1b
 176 007a 00C0      		rjmp .
 177 007c 0000      		nop
 178               	.LVL11:
 179               		.loc 2 187 2 is_stmt 0 view .LVU62
 180               	.LBE11:
 181               	.LBE16:
  23:main.c        ****   {
 182               		.loc 1 23 22 is_stmt 1 view .LVU63
  23:main.c        ****   {
 183               		.loc 1 23 16 view .LVU64
  26:main.c        ****     _delay_ms(delay);
 184               		.loc 1 26 5 view .LVU65
  26:main.c        ****     _delay_ms(delay);
 185               		.loc 1 26 11 is_stmt 0 view .LVU66
 186 007e 65BB      		out 0x15,r22
 187               		.loc 1 27 5 is_stmt 1 view .LVU67
 188               	.LVL12:
 189               	.LBB17:
 166:/opt/homebrew/Cellar/avr-gcc@9/9.3.0_3/avr/include/util/delay.h **** {
 190               		.loc 2 166 1 view .LVU68
 191               	.LBB12:
 168:/opt/homebrew/Cellar/avr-gcc@9/9.3.0_3/avr/include/util/delay.h **** #if __HAS_DELAY_CYCLES && defined(__OPTIMIZE__) && \
 192               		.loc 2 168 2 view .LVU69
 172:/opt/homebrew/Cellar/avr-gcc@9/9.3.0_3/avr/include/util/delay.h **** 	extern void __builtin_avr_delay_cycles(unsigned long);
 193               		.loc 2 172 2 view .LVU70
 173:/opt/homebrew/Cellar/avr-gcc@9/9.3.0_3/avr/include/util/delay.h **** 	__tmp = ((F_CPU) / 1e3) * __ms;
 194               		.loc 2 173 2 view .LVU71
 174:/opt/homebrew/Cellar/avr-gcc@9/9.3.0_3/avr/include/util/delay.h **** 
 195               		.loc 2 174 2 view .LVU72
 184:/opt/homebrew/Cellar/avr-gcc@9/9.3.0_3/avr/include/util/delay.h **** 	#endif
 196               		.loc 2 184 3 view .LVU73
 197               		.loc 2 187 2 view .LVU74
 198 0080 CFE7      		ldi r28,lo8(239999)
 199 0082 29EA      		ldi r18,hi8(239999)
 200 0084 33E0      		ldi r19,hlo8(239999)
 201 0086 C150      	1:	subi r28,1
 202 0088 2040      		sbci r18,0
 203 008a 3040      		sbci r19,0
 204 008c 01F4      		brne 1b
 205 008e 00C0      		rjmp .
 206 0090 0000      		nop
 207               	.LVL13:
 208               		.loc 2 187 2 is_stmt 0 view .LVU75
 209               	.LBE12:
 210               	.LBE17:
  23:main.c        ****   {
 211               		.loc 1 23 22 is_stmt 1 view .LVU76
  23:main.c        ****   {
 212               		.loc 1 23 16 view .LVU77
  26:main.c        ****     _delay_ms(delay);
 213               		.loc 1 26 5 view .LVU78
  26:main.c        ****     _delay_ms(delay);
 214               		.loc 1 26 11 is_stmt 0 view .LVU79
 215 0092 55BB      		out 0x15,r21
 216               		.loc 1 27 5 is_stmt 1 view .LVU80
 217               	.LVL14:
 218               	.LBB18:
 166:/opt/homebrew/Cellar/avr-gcc@9/9.3.0_3/avr/include/util/delay.h **** {
 219               		.loc 2 166 1 view .LVU81
 220               	.LBB13:
 168:/opt/homebrew/Cellar/avr-gcc@9/9.3.0_3/avr/include/util/delay.h **** #if __HAS_DELAY_CYCLES && defined(__OPTIMIZE__) && \
 221               		.loc 2 168 2 view .LVU82
 172:/opt/homebrew/Cellar/avr-gcc@9/9.3.0_3/avr/include/util/delay.h **** 	extern void __builtin_avr_delay_cycles(unsigned long);
 222               		.loc 2 172 2 view .LVU83
 173:/opt/homebrew/Cellar/avr-gcc@9/9.3.0_3/avr/include/util/delay.h **** 	__tmp = ((F_CPU) / 1e3) * __ms;
 223               		.loc 2 173 2 view .LVU84
 174:/opt/homebrew/Cellar/avr-gcc@9/9.3.0_3/avr/include/util/delay.h **** 
 224               		.loc 2 174 2 view .LVU85
 184:/opt/homebrew/Cellar/avr-gcc@9/9.3.0_3/avr/include/util/delay.h **** 	#endif
 225               		.loc 2 184 3 view .LVU86
 226               		.loc 2 187 2 view .LVU87
 227 0094 8FE7      		ldi r24,lo8(239999)
 228 0096 99EA      		ldi r25,hi8(239999)
 229 0098 C3E0      		ldi r28,hlo8(239999)
 230 009a 8150      	1:	subi r24,1
 231 009c 9040      		sbci r25,0
 232 009e C040      		sbci r28,0
 233 00a0 01F4      		brne 1b
 234 00a2 00C0      		rjmp .
 235 00a4 0000      		nop
 236               	.LVL15:
 237               		.loc 2 187 2 is_stmt 0 view .LVU88
 238               	.LBE13:
 239               	.LBE18:
  23:main.c        ****   {
 240               		.loc 1 23 22 is_stmt 1 view .LVU89
  23:main.c        ****   {
 241               		.loc 1 23 16 view .LVU90
  26:main.c        ****     _delay_ms(delay);
 242               		.loc 1 26 5 view .LVU91
  26:main.c        ****     _delay_ms(delay);
 243               		.loc 1 26 11 is_stmt 0 view .LVU92
 244 00a6 45BB      		out 0x15,r20
 245               		.loc 1 27 5 is_stmt 1 view .LVU93
 246               	.LVL16:
 247               	.LBB19:
 166:/opt/homebrew/Cellar/avr-gcc@9/9.3.0_3/avr/include/util/delay.h **** {
 248               		.loc 2 166 1 view .LVU94
 249               	.LBB14:
 168:/opt/homebrew/Cellar/avr-gcc@9/9.3.0_3/avr/include/util/delay.h **** #if __HAS_DELAY_CYCLES && defined(__OPTIMIZE__) && \
 250               		.loc 2 168 2 view .LVU95
 172:/opt/homebrew/Cellar/avr-gcc@9/9.3.0_3/avr/include/util/delay.h **** 	extern void __builtin_avr_delay_cycles(unsigned long);
 251               		.loc 2 172 2 view .LVU96
 173:/opt/homebrew/Cellar/avr-gcc@9/9.3.0_3/avr/include/util/delay.h **** 	__tmp = ((F_CPU) / 1e3) * __ms;
 252               		.loc 2 173 2 view .LVU97
 174:/opt/homebrew/Cellar/avr-gcc@9/9.3.0_3/avr/include/util/delay.h **** 
 253               		.loc 2 174 2 view .LVU98
 184:/opt/homebrew/Cellar/avr-gcc@9/9.3.0_3/avr/include/util/delay.h **** 	#endif
 254               		.loc 2 184 3 view .LVU99
 255               		.loc 2 187 2 view .LVU100
 256 00a8 2FE7      		ldi r18,lo8(239999)
 257 00aa 39EA      		ldi r19,hi8(239999)
 258 00ac 83E0      		ldi r24,hlo8(239999)
 259 00ae 2150      	1:	subi r18,1
 260 00b0 3040      		sbci r19,0
 261 00b2 8040      		sbci r24,0
 262 00b4 01F4      		brne 1b
 263 00b6 00C0      		rjmp .
 264 00b8 0000      		nop
 265               	.LVL17:
 266               		.loc 2 187 2 is_stmt 0 view .LVU101
 267               	.LBE14:
 268               	.LBE19:
  23:main.c        ****   {
 269               		.loc 1 23 22 is_stmt 1 view .LVU102
  23:main.c        ****   {
 270               		.loc 1 23 16 view .LVU103
 271 00ba 00C0      		rjmp .L3
 272               		.cfi_endproc
 273               	.LFE6:
 275               		.text
 276               	.Letext0:
 277               		.file 3 "/opt/homebrew/Cellar/avr-gcc@9/9.3.0_3/avr/include/stdint.h"
DEFINED SYMBOLS
                            *ABS*:0000000000000000 main.c
/var/folders/t1/hcvhy4kn4wqf61nvgxt8qfpc0000gn/T//ccaRBVsh.s:2      *ABS*:000000000000003e __SP_H__
/var/folders/t1/hcvhy4kn4wqf61nvgxt8qfpc0000gn/T//ccaRBVsh.s:3      *ABS*:000000000000003d __SP_L__
/var/folders/t1/hcvhy4kn4wqf61nvgxt8qfpc0000gn/T//ccaRBVsh.s:4      *ABS*:000000000000003f __SREG__
/var/folders/t1/hcvhy4kn4wqf61nvgxt8qfpc0000gn/T//ccaRBVsh.s:5      *ABS*:0000000000000000 __tmp_reg__
/var/folders/t1/hcvhy4kn4wqf61nvgxt8qfpc0000gn/T//ccaRBVsh.s:6      *ABS*:0000000000000001 __zero_reg__
/var/folders/t1/hcvhy4kn4wqf61nvgxt8qfpc0000gn/T//ccaRBVsh.s:13     .text.startup:0000000000000000 main
/var/folders/t1/hcvhy4kn4wqf61nvgxt8qfpc0000gn/T//ccaRBVsh.s:16     .text.startup:0000000000000000 .Loc.0
/var/folders/t1/hcvhy4kn4wqf61nvgxt8qfpc0000gn/T//ccaRBVsh.s:17     .text.startup:0000000000000000 L0
/var/folders/t1/hcvhy4kn4wqf61nvgxt8qfpc0000gn/T//ccaRBVsh.s:22     .text.startup:0000000000000000 .Loc.1
/var/folders/t1/hcvhy4kn4wqf61nvgxt8qfpc0000gn/T//ccaRBVsh.s:23     .text.startup:0000000000000000 .Loc.2
/var/folders/t1/hcvhy4kn4wqf61nvgxt8qfpc0000gn/T//ccaRBVsh.s:26     .text.startup:0000000000000004 .Loc.3
/var/folders/t1/hcvhy4kn4wqf61nvgxt8qfpc0000gn/T//ccaRBVsh.s:29     .text.startup:0000000000000008 .Loc.4
/var/folders/t1/hcvhy4kn4wqf61nvgxt8qfpc0000gn/T//ccaRBVsh.s:37     .text.startup:0000000000000014 .Loc.5
/var/folders/t1/hcvhy4kn4wqf61nvgxt8qfpc0000gn/T//ccaRBVsh.s:38     .text.startup:0000000000000014 .Loc.6
/var/folders/t1/hcvhy4kn4wqf61nvgxt8qfpc0000gn/T//ccaRBVsh.s:39     .text.startup:0000000000000014 .Loc.7
/var/folders/t1/hcvhy4kn4wqf61nvgxt8qfpc0000gn/T//ccaRBVsh.s:41     .text.startup:0000000000000014 .Loc.8
/var/folders/t1/hcvhy4kn4wqf61nvgxt8qfpc0000gn/T//ccaRBVsh.s:42     .text.startup:0000000000000014 .Loc.9
/var/folders/t1/hcvhy4kn4wqf61nvgxt8qfpc0000gn/T//ccaRBVsh.s:47     .text.startup:0000000000000018 .Loc.10
/var/folders/t1/hcvhy4kn4wqf61nvgxt8qfpc0000gn/T//ccaRBVsh.s:48     .text.startup:0000000000000018 .Loc.11
/var/folders/t1/hcvhy4kn4wqf61nvgxt8qfpc0000gn/T//ccaRBVsh.s:57     .text.startup:0000000000000024 .Loc.12
/var/folders/t1/hcvhy4kn4wqf61nvgxt8qfpc0000gn/T//ccaRBVsh.s:60     .text.startup:0000000000000028 .Loc.13
/var/folders/t1/hcvhy4kn4wqf61nvgxt8qfpc0000gn/T//ccaRBVsh.s:65     .text.startup:0000000000000028 .Loc.14
/var/folders/t1/hcvhy4kn4wqf61nvgxt8qfpc0000gn/T//ccaRBVsh.s:67     .text.startup:0000000000000028 .Loc.15
/var/folders/t1/hcvhy4kn4wqf61nvgxt8qfpc0000gn/T//ccaRBVsh.s:68     .text.startup:0000000000000028 .Loc.16
/var/folders/t1/hcvhy4kn4wqf61nvgxt8qfpc0000gn/T//ccaRBVsh.s:69     .text.startup:0000000000000028 .Loc.17
/var/folders/t1/hcvhy4kn4wqf61nvgxt8qfpc0000gn/T//ccaRBVsh.s:70     .text.startup:0000000000000028 .Loc.18
/var/folders/t1/hcvhy4kn4wqf61nvgxt8qfpc0000gn/T//ccaRBVsh.s:71     .text.startup:0000000000000028 .Loc.19
/var/folders/t1/hcvhy4kn4wqf61nvgxt8qfpc0000gn/T//ccaRBVsh.s:72     .text.startup:0000000000000028 .Loc.20
/var/folders/t1/hcvhy4kn4wqf61nvgxt8qfpc0000gn/T//ccaRBVsh.s:80     .text.startup:0000000000000038 L0
/var/folders/t1/hcvhy4kn4wqf61nvgxt8qfpc0000gn/T//ccaRBVsh.s:83     .text.startup:000000000000003a .Loc.21
/var/folders/t1/hcvhy4kn4wqf61nvgxt8qfpc0000gn/T//ccaRBVsh.s:86     .text.startup:000000000000003a .Loc.22
/var/folders/t1/hcvhy4kn4wqf61nvgxt8qfpc0000gn/T//ccaRBVsh.s:87     .text.startup:000000000000003a .Loc.23
/var/folders/t1/hcvhy4kn4wqf61nvgxt8qfpc0000gn/T//ccaRBVsh.s:90     .text.startup:000000000000003c .Loc.24
/var/folders/t1/hcvhy4kn4wqf61nvgxt8qfpc0000gn/T//ccaRBVsh.s:95     .text.startup:0000000000000042 .Loc.25
/var/folders/t1/hcvhy4kn4wqf61nvgxt8qfpc0000gn/T//ccaRBVsh.s:96     .text.startup:0000000000000042 .Loc.26
/var/folders/t1/hcvhy4kn4wqf61nvgxt8qfpc0000gn/T//ccaRBVsh.s:97     .text.startup:0000000000000042 .Loc.27
/var/folders/t1/hcvhy4kn4wqf61nvgxt8qfpc0000gn/T//ccaRBVsh.s:99     .text.startup:0000000000000044 .Loc.28
/var/folders/t1/hcvhy4kn4wqf61nvgxt8qfpc0000gn/T//ccaRBVsh.s:103    .text.startup:0000000000000044 .Loc.29
/var/folders/t1/hcvhy4kn4wqf61nvgxt8qfpc0000gn/T//ccaRBVsh.s:105    .text.startup:0000000000000044 .Loc.30
/var/folders/t1/hcvhy4kn4wqf61nvgxt8qfpc0000gn/T//ccaRBVsh.s:106    .text.startup:0000000000000044 .Loc.31
/var/folders/t1/hcvhy4kn4wqf61nvgxt8qfpc0000gn/T//ccaRBVsh.s:107    .text.startup:0000000000000044 .Loc.32
/var/folders/t1/hcvhy4kn4wqf61nvgxt8qfpc0000gn/T//ccaRBVsh.s:108    .text.startup:0000000000000044 .Loc.33
/var/folders/t1/hcvhy4kn4wqf61nvgxt8qfpc0000gn/T//ccaRBVsh.s:109    .text.startup:0000000000000044 .Loc.34
/var/folders/t1/hcvhy4kn4wqf61nvgxt8qfpc0000gn/T//ccaRBVsh.s:110    .text.startup:0000000000000044 .Loc.35
/var/folders/t1/hcvhy4kn4wqf61nvgxt8qfpc0000gn/T//ccaRBVsh.s:118    .text.startup:0000000000000054 L0
/var/folders/t1/hcvhy4kn4wqf61nvgxt8qfpc0000gn/T//ccaRBVsh.s:121    .text.startup:0000000000000056 .Loc.36
/var/folders/t1/hcvhy4kn4wqf61nvgxt8qfpc0000gn/T//ccaRBVsh.s:124    .text.startup:0000000000000056 .Loc.37
/var/folders/t1/hcvhy4kn4wqf61nvgxt8qfpc0000gn/T//ccaRBVsh.s:125    .text.startup:0000000000000056 .Loc.38
/var/folders/t1/hcvhy4kn4wqf61nvgxt8qfpc0000gn/T//ccaRBVsh.s:126    .text.startup:0000000000000056 .Loc.39
/var/folders/t1/hcvhy4kn4wqf61nvgxt8qfpc0000gn/T//ccaRBVsh.s:127    .text.startup:0000000000000056 .Loc.40
/var/folders/t1/hcvhy4kn4wqf61nvgxt8qfpc0000gn/T//ccaRBVsh.s:129    .text.startup:0000000000000058 .Loc.41
/var/folders/t1/hcvhy4kn4wqf61nvgxt8qfpc0000gn/T//ccaRBVsh.s:132    .text.startup:0000000000000058 .Loc.42
/var/folders/t1/hcvhy4kn4wqf61nvgxt8qfpc0000gn/T//ccaRBVsh.s:134    .text.startup:0000000000000058 .Loc.43
/var/folders/t1/hcvhy4kn4wqf61nvgxt8qfpc0000gn/T//ccaRBVsh.s:135    .text.startup:0000000000000058 .Loc.44
/var/folders/t1/hcvhy4kn4wqf61nvgxt8qfpc0000gn/T//ccaRBVsh.s:136    .text.startup:0000000000000058 .Loc.45
/var/folders/t1/hcvhy4kn4wqf61nvgxt8qfpc0000gn/T//ccaRBVsh.s:137    .text.startup:0000000000000058 .Loc.46
/var/folders/t1/hcvhy4kn4wqf61nvgxt8qfpc0000gn/T//ccaRBVsh.s:138    .text.startup:0000000000000058 .Loc.47
/var/folders/t1/hcvhy4kn4wqf61nvgxt8qfpc0000gn/T//ccaRBVsh.s:139    .text.startup:0000000000000058 .Loc.48
/var/folders/t1/hcvhy4kn4wqf61nvgxt8qfpc0000gn/T//ccaRBVsh.s:147    .text.startup:0000000000000068 L0
/var/folders/t1/hcvhy4kn4wqf61nvgxt8qfpc0000gn/T//ccaRBVsh.s:150    .text.startup:000000000000006a .Loc.49
/var/folders/t1/hcvhy4kn4wqf61nvgxt8qfpc0000gn/T//ccaRBVsh.s:153    .text.startup:000000000000006a .Loc.50
/var/folders/t1/hcvhy4kn4wqf61nvgxt8qfpc0000gn/T//ccaRBVsh.s:154    .text.startup:000000000000006a .Loc.51
/var/folders/t1/hcvhy4kn4wqf61nvgxt8qfpc0000gn/T//ccaRBVsh.s:155    .text.startup:000000000000006a .Loc.52
/var/folders/t1/hcvhy4kn4wqf61nvgxt8qfpc0000gn/T//ccaRBVsh.s:156    .text.startup:000000000000006a .Loc.53
/var/folders/t1/hcvhy4kn4wqf61nvgxt8qfpc0000gn/T//ccaRBVsh.s:158    .text.startup:000000000000006c .Loc.54
/var/folders/t1/hcvhy4kn4wqf61nvgxt8qfpc0000gn/T//ccaRBVsh.s:161    .text.startup:000000000000006c .Loc.55
/var/folders/t1/hcvhy4kn4wqf61nvgxt8qfpc0000gn/T//ccaRBVsh.s:163    .text.startup:000000000000006c .Loc.56
/var/folders/t1/hcvhy4kn4wqf61nvgxt8qfpc0000gn/T//ccaRBVsh.s:164    .text.startup:000000000000006c .Loc.57
/var/folders/t1/hcvhy4kn4wqf61nvgxt8qfpc0000gn/T//ccaRBVsh.s:165    .text.startup:000000000000006c .Loc.58
/var/folders/t1/hcvhy4kn4wqf61nvgxt8qfpc0000gn/T//ccaRBVsh.s:166    .text.startup:000000000000006c .Loc.59
/var/folders/t1/hcvhy4kn4wqf61nvgxt8qfpc0000gn/T//ccaRBVsh.s:167    .text.startup:000000000000006c .Loc.60
/var/folders/t1/hcvhy4kn4wqf61nvgxt8qfpc0000gn/T//ccaRBVsh.s:168    .text.startup:000000000000006c .Loc.61
/var/folders/t1/hcvhy4kn4wqf61nvgxt8qfpc0000gn/T//ccaRBVsh.s:176    .text.startup:000000000000007c L0
/var/folders/t1/hcvhy4kn4wqf61nvgxt8qfpc0000gn/T//ccaRBVsh.s:179    .text.startup:000000000000007e .Loc.62
/var/folders/t1/hcvhy4kn4wqf61nvgxt8qfpc0000gn/T//ccaRBVsh.s:182    .text.startup:000000000000007e .Loc.63
/var/folders/t1/hcvhy4kn4wqf61nvgxt8qfpc0000gn/T//ccaRBVsh.s:183    .text.startup:000000000000007e .Loc.64
/var/folders/t1/hcvhy4kn4wqf61nvgxt8qfpc0000gn/T//ccaRBVsh.s:184    .text.startup:000000000000007e .Loc.65
/var/folders/t1/hcvhy4kn4wqf61nvgxt8qfpc0000gn/T//ccaRBVsh.s:185    .text.startup:000000000000007e .Loc.66
/var/folders/t1/hcvhy4kn4wqf61nvgxt8qfpc0000gn/T//ccaRBVsh.s:187    .text.startup:0000000000000080 .Loc.67
/var/folders/t1/hcvhy4kn4wqf61nvgxt8qfpc0000gn/T//ccaRBVsh.s:190    .text.startup:0000000000000080 .Loc.68
/var/folders/t1/hcvhy4kn4wqf61nvgxt8qfpc0000gn/T//ccaRBVsh.s:192    .text.startup:0000000000000080 .Loc.69
/var/folders/t1/hcvhy4kn4wqf61nvgxt8qfpc0000gn/T//ccaRBVsh.s:193    .text.startup:0000000000000080 .Loc.70
/var/folders/t1/hcvhy4kn4wqf61nvgxt8qfpc0000gn/T//ccaRBVsh.s:194    .text.startup:0000000000000080 .Loc.71
/var/folders/t1/hcvhy4kn4wqf61nvgxt8qfpc0000gn/T//ccaRBVsh.s:195    .text.startup:0000000000000080 .Loc.72
/var/folders/t1/hcvhy4kn4wqf61nvgxt8qfpc0000gn/T//ccaRBVsh.s:196    .text.startup:0000000000000080 .Loc.73
/var/folders/t1/hcvhy4kn4wqf61nvgxt8qfpc0000gn/T//ccaRBVsh.s:197    .text.startup:0000000000000080 .Loc.74
/var/folders/t1/hcvhy4kn4wqf61nvgxt8qfpc0000gn/T//ccaRBVsh.s:205    .text.startup:0000000000000090 L0
/var/folders/t1/hcvhy4kn4wqf61nvgxt8qfpc0000gn/T//ccaRBVsh.s:208    .text.startup:0000000000000092 .Loc.75
/var/folders/t1/hcvhy4kn4wqf61nvgxt8qfpc0000gn/T//ccaRBVsh.s:211    .text.startup:0000000000000092 .Loc.76
/var/folders/t1/hcvhy4kn4wqf61nvgxt8qfpc0000gn/T//ccaRBVsh.s:212    .text.startup:0000000000000092 .Loc.77
/var/folders/t1/hcvhy4kn4wqf61nvgxt8qfpc0000gn/T//ccaRBVsh.s:213    .text.startup:0000000000000092 .Loc.78
/var/folders/t1/hcvhy4kn4wqf61nvgxt8qfpc0000gn/T//ccaRBVsh.s:214    .text.startup:0000000000000092 .Loc.79
/var/folders/t1/hcvhy4kn4wqf61nvgxt8qfpc0000gn/T//ccaRBVsh.s:216    .text.startup:0000000000000094 .Loc.80
/var/folders/t1/hcvhy4kn4wqf61nvgxt8qfpc0000gn/T//ccaRBVsh.s:219    .text.startup:0000000000000094 .Loc.81
/var/folders/t1/hcvhy4kn4wqf61nvgxt8qfpc0000gn/T//ccaRBVsh.s:221    .text.startup:0000000000000094 .Loc.82
/var/folders/t1/hcvhy4kn4wqf61nvgxt8qfpc0000gn/T//ccaRBVsh.s:222    .text.startup:0000000000000094 .Loc.83
/var/folders/t1/hcvhy4kn4wqf61nvgxt8qfpc0000gn/T//ccaRBVsh.s:223    .text.startup:0000000000000094 .Loc.84
/var/folders/t1/hcvhy4kn4wqf61nvgxt8qfpc0000gn/T//ccaRBVsh.s:224    .text.startup:0000000000000094 .Loc.85
/var/folders/t1/hcvhy4kn4wqf61nvgxt8qfpc0000gn/T//ccaRBVsh.s:225    .text.startup:0000000000000094 .Loc.86
/var/folders/t1/hcvhy4kn4wqf61nvgxt8qfpc0000gn/T//ccaRBVsh.s:226    .text.startup:0000000000000094 .Loc.87
/var/folders/t1/hcvhy4kn4wqf61nvgxt8qfpc0000gn/T//ccaRBVsh.s:234    .text.startup:00000000000000a4 L0
/var/folders/t1/hcvhy4kn4wqf61nvgxt8qfpc0000gn/T//ccaRBVsh.s:237    .text.startup:00000000000000a6 .Loc.88
/var/folders/t1/hcvhy4kn4wqf61nvgxt8qfpc0000gn/T//ccaRBVsh.s:240    .text.startup:00000000000000a6 .Loc.89
/var/folders/t1/hcvhy4kn4wqf61nvgxt8qfpc0000gn/T//ccaRBVsh.s:241    .text.startup:00000000000000a6 .Loc.90
/var/folders/t1/hcvhy4kn4wqf61nvgxt8qfpc0000gn/T//ccaRBVsh.s:242    .text.startup:00000000000000a6 .Loc.91
/var/folders/t1/hcvhy4kn4wqf61nvgxt8qfpc0000gn/T//ccaRBVsh.s:243    .text.startup:00000000000000a6 .Loc.92
/var/folders/t1/hcvhy4kn4wqf61nvgxt8qfpc0000gn/T//ccaRBVsh.s:245    .text.startup:00000000000000a8 .Loc.93
/var/folders/t1/hcvhy4kn4wqf61nvgxt8qfpc0000gn/T//ccaRBVsh.s:248    .text.startup:00000000000000a8 .Loc.94
/var/folders/t1/hcvhy4kn4wqf61nvgxt8qfpc0000gn/T//ccaRBVsh.s:250    .text.startup:00000000000000a8 .Loc.95
/var/folders/t1/hcvhy4kn4wqf61nvgxt8qfpc0000gn/T//ccaRBVsh.s:251    .text.startup:00000000000000a8 .Loc.96
/var/folders/t1/hcvhy4kn4wqf61nvgxt8qfpc0000gn/T//ccaRBVsh.s:252    .text.startup:00000000000000a8 .Loc.97
/var/folders/t1/hcvhy4kn4wqf61nvgxt8qfpc0000gn/T//ccaRBVsh.s:253    .text.startup:00000000000000a8 .Loc.98
/var/folders/t1/hcvhy4kn4wqf61nvgxt8qfpc0000gn/T//ccaRBVsh.s:254    .text.startup:00000000000000a8 .Loc.99
/var/folders/t1/hcvhy4kn4wqf61nvgxt8qfpc0000gn/T//ccaRBVsh.s:255    .text.startup:00000000000000a8 .Loc.100
/var/folders/t1/hcvhy4kn4wqf61nvgxt8qfpc0000gn/T//ccaRBVsh.s:263    .text.startup:00000000000000b8 L0
/var/folders/t1/hcvhy4kn4wqf61nvgxt8qfpc0000gn/T//ccaRBVsh.s:266    .text.startup:00000000000000ba .Loc.101
/var/folders/t1/hcvhy4kn4wqf61nvgxt8qfpc0000gn/T//ccaRBVsh.s:269    .text.startup:00000000000000ba .Loc.102
/var/folders/t1/hcvhy4kn4wqf61nvgxt8qfpc0000gn/T//ccaRBVsh.s:270    .text.startup:00000000000000ba .Loc.103
/var/folders/t1/hcvhy4kn4wqf61nvgxt8qfpc0000gn/T//ccaRBVsh.s:272    .text.startup:00000000000000bc L0
/var/folders/t1/hcvhy4kn4wqf61nvgxt8qfpc0000gn/T//ccaRBVsh.s:275    .text.startup:00000000000000bc L0
                     .debug_frame:0000000000000000 L0
/var/folders/t1/hcvhy4kn4wqf61nvgxt8qfpc0000gn/T//ccaRBVsh.s:54     .text.startup:0000000000000020 .L21
/var/folders/t1/hcvhy4kn4wqf61nvgxt8qfpc0000gn/T//ccaRBVsh.s:52     .text.startup:000000000000001e .L11
/var/folders/t1/hcvhy4kn4wqf61nvgxt8qfpc0000gn/T//ccaRBVsh.s:76     .text.startup:000000000000002e .L12
/var/folders/t1/hcvhy4kn4wqf61nvgxt8qfpc0000gn/T//ccaRBVsh.s:46     .text.startup:0000000000000018 .L2
/var/folders/t1/hcvhy4kn4wqf61nvgxt8qfpc0000gn/T//ccaRBVsh.s:114    .text.startup:000000000000004a .L13
/var/folders/t1/hcvhy4kn4wqf61nvgxt8qfpc0000gn/T//ccaRBVsh.s:143    .text.startup:000000000000005e .L14
/var/folders/t1/hcvhy4kn4wqf61nvgxt8qfpc0000gn/T//ccaRBVsh.s:172    .text.startup:0000000000000072 .L15
/var/folders/t1/hcvhy4kn4wqf61nvgxt8qfpc0000gn/T//ccaRBVsh.s:201    .text.startup:0000000000000086 .L16
/var/folders/t1/hcvhy4kn4wqf61nvgxt8qfpc0000gn/T//ccaRBVsh.s:230    .text.startup:000000000000009a .L17
/var/folders/t1/hcvhy4kn4wqf61nvgxt8qfpc0000gn/T//ccaRBVsh.s:259    .text.startup:00000000000000ae .L18
/var/folders/t1/hcvhy4kn4wqf61nvgxt8qfpc0000gn/T//ccaRBVsh.s:36     .text.startup:0000000000000014 .L3
/var/folders/t1/hcvhy4kn4wqf61nvgxt8qfpc0000gn/T//ccaRBVsh.s:453    .debug_abbrev:0000000000000000 .Ldebug_abbrev0
/var/folders/t1/hcvhy4kn4wqf61nvgxt8qfpc0000gn/T//ccaRBVsh.s:994    .debug_ranges:0000000000000000 .Ldebug_ranges0
/var/folders/t1/hcvhy4kn4wqf61nvgxt8qfpc0000gn/T//ccaRBVsh.s:1014   .debug_line:0000000000000000 .Ldebug_line0
/var/folders/t1/hcvhy4kn4wqf61nvgxt8qfpc0000gn/T//ccaRBVsh.s:14     .text.startup:0000000000000000 .LFB6
/var/folders/t1/hcvhy4kn4wqf61nvgxt8qfpc0000gn/T//ccaRBVsh.s:273    .text.startup:00000000000000bc .LFE6
/var/folders/t1/hcvhy4kn4wqf61nvgxt8qfpc0000gn/T//ccaRBVsh.s:732    .debug_loc:0000000000000016 .LLST0
/var/folders/t1/hcvhy4kn4wqf61nvgxt8qfpc0000gn/T//ccaRBVsh.s:709    .debug_loc:0000000000000000 .LVUS0
/var/folders/t1/hcvhy4kn4wqf61nvgxt8qfpc0000gn/T//ccaRBVsh.s:63     .text.startup:0000000000000028 .LBI6
/var/folders/t1/hcvhy4kn4wqf61nvgxt8qfpc0000gn/T//ccaRBVsh.s:62     .text.startup:0000000000000028 .LBB6
/var/folders/t1/hcvhy4kn4wqf61nvgxt8qfpc0000gn/T//ccaRBVsh.s:85     .text.startup:000000000000003a .LBE6
/var/folders/t1/hcvhy4kn4wqf61nvgxt8qfpc0000gn/T//ccaRBVsh.s:792    .debug_loc:00000000000000a3 .LLST1
/var/folders/t1/hcvhy4kn4wqf61nvgxt8qfpc0000gn/T//ccaRBVsh.s:789    .debug_loc:00000000000000a1 .LVUS1
/var/folders/t1/hcvhy4kn4wqf61nvgxt8qfpc0000gn/T//ccaRBVsh.s:804    .debug_loc:00000000000000bd .LLST2
/var/folders/t1/hcvhy4kn4wqf61nvgxt8qfpc0000gn/T//ccaRBVsh.s:801    .debug_loc:00000000000000bb .LVUS2
/var/folders/t1/hcvhy4kn4wqf61nvgxt8qfpc0000gn/T//ccaRBVsh.s:816    .debug_loc:00000000000000d7 .LLST3
/var/folders/t1/hcvhy4kn4wqf61nvgxt8qfpc0000gn/T//ccaRBVsh.s:813    .debug_loc:00000000000000d5 .LVUS3
/var/folders/t1/hcvhy4kn4wqf61nvgxt8qfpc0000gn/T//ccaRBVsh.s:102    .text.startup:0000000000000044 .LBI8
/var/folders/t1/hcvhy4kn4wqf61nvgxt8qfpc0000gn/T//ccaRBVsh.s:838    .debug_loc:00000000000000fb .LLST4
/var/folders/t1/hcvhy4kn4wqf61nvgxt8qfpc0000gn/T//ccaRBVsh.s:825    .debug_loc:00000000000000ef .LVUS4
/var/folders/t1/hcvhy4kn4wqf61nvgxt8qfpc0000gn/T//ccaRBVsh.s:890    .debug_loc:000000000000016f .LLST5
/var/folders/t1/hcvhy4kn4wqf61nvgxt8qfpc0000gn/T//ccaRBVsh.s:877    .debug_loc:0000000000000163 .LVUS5
/var/folders/t1/hcvhy4kn4wqf61nvgxt8qfpc0000gn/T//ccaRBVsh.s:942    .debug_loc:00000000000001e3 .LLST6
/var/folders/t1/hcvhy4kn4wqf61nvgxt8qfpc0000gn/T//ccaRBVsh.s:929    .debug_loc:00000000000001d7 .LVUS6
/var/folders/t1/hcvhy4kn4wqf61nvgxt8qfpc0000gn/T//ccaRBVsh.s:40     .text.startup:0000000000000014 .LVL0
/var/folders/t1/hcvhy4kn4wqf61nvgxt8qfpc0000gn/T//ccaRBVsh.s:45     .text.startup:0000000000000018 .LVL1
/var/folders/t1/hcvhy4kn4wqf61nvgxt8qfpc0000gn/T//ccaRBVsh.s:82     .text.startup:000000000000003a .LVL3
/var/folders/t1/hcvhy4kn4wqf61nvgxt8qfpc0000gn/T//ccaRBVsh.s:89     .text.startup:000000000000003c .LVL4
/var/folders/t1/hcvhy4kn4wqf61nvgxt8qfpc0000gn/T//ccaRBVsh.s:94     .text.startup:0000000000000042 .LVL5
/var/folders/t1/hcvhy4kn4wqf61nvgxt8qfpc0000gn/T//ccaRBVsh.s:120    .text.startup:0000000000000056 .LVL7
/var/folders/t1/hcvhy4kn4wqf61nvgxt8qfpc0000gn/T//ccaRBVsh.s:149    .text.startup:000000000000006a .LVL9
/var/folders/t1/hcvhy4kn4wqf61nvgxt8qfpc0000gn/T//ccaRBVsh.s:178    .text.startup:000000000000007e .LVL11
/var/folders/t1/hcvhy4kn4wqf61nvgxt8qfpc0000gn/T//ccaRBVsh.s:207    .text.startup:0000000000000092 .LVL13
/var/folders/t1/hcvhy4kn4wqf61nvgxt8qfpc0000gn/T//ccaRBVsh.s:236    .text.startup:00000000000000a6 .LVL15
/var/folders/t1/hcvhy4kn4wqf61nvgxt8qfpc0000gn/T//ccaRBVsh.s:265    .text.startup:00000000000000ba .LVL17
/var/folders/t1/hcvhy4kn4wqf61nvgxt8qfpc0000gn/T//ccaRBVsh.s:61     .text.startup:0000000000000028 .LVL2
/var/folders/t1/hcvhy4kn4wqf61nvgxt8qfpc0000gn/T//ccaRBVsh.s:100    .text.startup:0000000000000044 .LVL6
/var/folders/t1/hcvhy4kn4wqf61nvgxt8qfpc0000gn/T//ccaRBVsh.s:130    .text.startup:0000000000000058 .LVL8
/var/folders/t1/hcvhy4kn4wqf61nvgxt8qfpc0000gn/T//ccaRBVsh.s:159    .text.startup:000000000000006c .LVL10
/var/folders/t1/hcvhy4kn4wqf61nvgxt8qfpc0000gn/T//ccaRBVsh.s:188    .text.startup:0000000000000080 .LVL12
/var/folders/t1/hcvhy4kn4wqf61nvgxt8qfpc0000gn/T//ccaRBVsh.s:217    .text.startup:0000000000000094 .LVL14
/var/folders/t1/hcvhy4kn4wqf61nvgxt8qfpc0000gn/T//ccaRBVsh.s:246    .text.startup:00000000000000a8 .LVL16
/var/folders/t1/hcvhy4kn4wqf61nvgxt8qfpc0000gn/T//ccaRBVsh.s:279    .debug_info:0000000000000000 .Ldebug_info0
/var/folders/t1/hcvhy4kn4wqf61nvgxt8qfpc0000gn/T//ccaRBVsh.s:101    .text.startup:0000000000000044 .LBB8
/var/folders/t1/hcvhy4kn4wqf61nvgxt8qfpc0000gn/T//ccaRBVsh.s:123    .text.startup:0000000000000056 .LBE8
/var/folders/t1/hcvhy4kn4wqf61nvgxt8qfpc0000gn/T//ccaRBVsh.s:131    .text.startup:0000000000000058 .LBB15
/var/folders/t1/hcvhy4kn4wqf61nvgxt8qfpc0000gn/T//ccaRBVsh.s:152    .text.startup:000000000000006a .LBE15
/var/folders/t1/hcvhy4kn4wqf61nvgxt8qfpc0000gn/T//ccaRBVsh.s:160    .text.startup:000000000000006c .LBB16
/var/folders/t1/hcvhy4kn4wqf61nvgxt8qfpc0000gn/T//ccaRBVsh.s:181    .text.startup:000000000000007e .LBE16
/var/folders/t1/hcvhy4kn4wqf61nvgxt8qfpc0000gn/T//ccaRBVsh.s:189    .text.startup:0000000000000080 .LBB17
/var/folders/t1/hcvhy4kn4wqf61nvgxt8qfpc0000gn/T//ccaRBVsh.s:210    .text.startup:0000000000000092 .LBE17
/var/folders/t1/hcvhy4kn4wqf61nvgxt8qfpc0000gn/T//ccaRBVsh.s:218    .text.startup:0000000000000094 .LBB18
/var/folders/t1/hcvhy4kn4wqf61nvgxt8qfpc0000gn/T//ccaRBVsh.s:239    .text.startup:00000000000000a6 .LBE18
/var/folders/t1/hcvhy4kn4wqf61nvgxt8qfpc0000gn/T//ccaRBVsh.s:247    .text.startup:00000000000000a8 .LBB19
/var/folders/t1/hcvhy4kn4wqf61nvgxt8qfpc0000gn/T//ccaRBVsh.s:268    .text.startup:00000000000000ba .LBE19

NO UNDEFINED SYMBOLS
